<testsuites name="jest tests" tests="4" failures="0" time="1.337">
  <testsuite name="undefined" errors="0" failures="0" skipped="0" timestamp="2022-01-31T16:06:33" time="1.337" tests="4">
    <testcase classname=" initial UI is rendered as expected" name=" initial UI is rendered as expected" time="0.028">
    </testcase>
    <testcase classname=" search is made on by clicking on search button and no results found" name=" search is made on by clicking on search button and no results found" time="0.022">
    </testcase>
    <testcase classname=" search is made on by clicking on search button and result found - test 1" name=" search is made on by clicking on search button and result found - test 1" time="0.012">
    </testcase>
    <testcase classname=" search is made on by clicking on search button and result found - test 2" name=" search is made on by clicking on search button and result found - test 2" time="0.012">
    </testcase>
  </testsuite>
</testsuites>